1
63
0
70
124
0
140
57
126
864
27
330
684
312
19
77
401
107
5
21
45
182
407
885
595
0
53
342
338
3
411
0
511
0
258
201
21
367
47
753
153
18
567
201
217
59
35
418
0
273
126
57
217
291
3
147
66
220
498
487
117
184
552
1
805
212
512
544
309
55
0
392
115
0
0
189
136
210
81
67
303
330
0
117
0
70
603
181
0
0
0
722
69
299
297
285
233
698
459
0
47
34
135
357
112
165
648
567
32
322
312
8
21
204
444
564
259
137
490
375
55
27
24
0
273
23
475
148
63
484
91
157
239
269
55
0
132
0
51
295
0
239
167
228
57
0
35
37
